3804 banner descriptions in 13 records (1163 need a re-fetch)
  all-final-fantasy.json                                                  1596
  all-the-fate-series.json                                                   2
  digimon.json                                                             488
  gundam-all-centuries-incl-g-gundam.json                                  304
  halo.json                                                                129
  left-4-dead.json                                                          26
  legend-of-zelda.json                                                     366
  major-fantasy-pantheons.json                                               6
  regular-show.json                                                        213
  spongebob-squarepants.json                                               359
  terminator.json                                                            6
  transformers.json                                                        308
  who-framed-roger-rabbit-incl-all-content-from-its-associated.json          1
  all-final-fantasy.json: 1596 repaired
  all-the-fate-series.json: 2 repaired
  digimon.json: 488 repaired
  gundam-all-centuries-incl-g-gundam.json: 304 repaired
  halo.json: 129 repaired
  left-4-dead.json: 26 repaired
  legend-of-zelda.json: 366 repaired
  major-fantasy-pantheons.json: 6 repaired
  regular-show.json: 213 repaired
  spongebob-squarepants.json: 359 repaired
  terminator.json: 6 repaired
  transformers.json: 308 repaired
  who-framed-roger-rabbit-incl-all-content-from-its-associated.json: 1 repaired
